// Jest Snapshot v1, https://goo.gl/fbAQLP

exports[`should render NotFoundPage correctly 1`] = `
<div>
  <div>
    You are lost!
  </div>
  <div>
    <Link
      replace={false}
      to="/"
    >
      Go home...
    </Link>
  </div>
</div>
`;
